Your triangle:
{(-1, 1), (0, 0), (1, 1)}
Center: (-nan, -nan)
Area: 1

Your triangle:
{(-1, 1), (0, 0), (1, -1)}
Center: (-nan, -nan)
Area: 0

The center is fine if you switch up the order of the points

Your triangle:
{(0, 0), (-1, 1), (1, -1)}
Center: (0, 0)
Area: 0

Your triangle:
{(-1, 1), (0, 0), (1, -1)}
Center: (-nan, -nan)
Area: 0

This is because depending on the order of the points, b may be the midpt of a,c, and so if it is, we are connecting b to itself.

Actually, it's even worse than I thought - whenever b lies on the same vertical line as the midpoint of a,c we will get this error. (See below for example)

Your triangle:
{(3, 3), (5, 7), (4, 1)}
Center: (-nan, -nan)
Area: 4

This is because the slope calculation of b,mid(a,c) will give a divide by 0 (since change in x is 0)

Could just check if any points are colinear and then rotate the graph a little bit if they are (like we discussed in class) or assume general position, but I want my code to be a little bit more robust.
